PASS: factor-eight normalization
PASS: saddle equation
PASS: curvature K and Q=L^2 K
PASS: saddle leading amplitude
PASS: Milestone 1 exact symbolic regression
radius=200 angle=0.0 ImL=0.0 |K|=86.9435180731 ratio=(1.00189262647275127 + 0.0j) |ratio-1|=0.001892626473 scaled=0.1645516039
radius=200 angle=0.005 ImL=0.00379257134 |K|=86.9434433742 ratio=(1.00189261048013867 - 7.88594428293867946e-6j) |ratio-1|=0.001892626909 scaled=0.1645515005
radius=200 angle=0.01 ImL=0.007585144297 |K|=86.9432192781 ratio=(1.00189256250253493 - 0.0000157717632430512939j) |ratio-1|=0.001892628219 scaled=0.1645511902
radius=800 angle=0.0 ImL=0.0 |K|=240.545619475 ratio=(1.00058632992565607 + 0.0j) |ratio-1|=0.0005863299257 scaled=0.1410390952
radius=800 angle=0.005 ImL=0.004036006792 |K|=240.545493754 ratio=(1.00058632465988661 - 2.51098086884954651e-6j) |ratio-1|=0.0005863300366 scaled=0.1410390482
radius=800 angle=0.01 ImL=0.008072014508 |K|=240.54511659 ratio=(1.00058630886266337 - 5.02191869305128655e-6j) |ratio-1|=0.0005863303694 scaled=0.1410389071
PASS: leading contour ratios converge with bounded |K|-scaled error
radius=200 angle=0.1 ImL=0.07585357775 |K|=86.9136492492 ratio=(1.0018862325404363 - 0.000157552248941433872j) |ratio-1|=0.001892801075 scaled=0.1645102487
radius=200 angle=0.3 ImL=0.227612418 |K|=86.6754730035 ratio=(1.00183530548612578 - 0.000468656762986949662j) |ratio-1|=0.001894197822 scaled=0.1641804922
radius=200 angle=0.6 ImL=0.4555719347 |K|=85.8816772169 ratio=(1.00166635756828907 - 0.00091055797999448399j) |ratio-1|=0.001898911104 scaled=0.1630816705
radius=200 angle=1.0 ImL=0.7606397229 |K|=84.0601264242 ratio=(1.00128370542358297 - 0.00141439401001166393j) |ratio-1|=0.001910081158 scaled=0.1605616636
radius=200 angle=1.4 ImL=1.067671464 |K|=81.477129464 ratio=(1.00075547653300993 - 0.00177256322324468221j) |ratio-1|=0.001926843318 scaled=0.1569936625
radius=800 angle=1.4 ImL=1.133408548 |K|=231.11236641 ratio=(1.00021558140113577 - 0.000554652022274950827j) |ratio-1|=0.0005950749586 scaled=0.1375291819
radius=3200 angle=1.4 ImL=1.179855578 |K|=703.516379718 ratio=(1.00006025660763394 - 0.000168091915676929452j) |ratio-1|=0.0001785658167 scaled=0.1256239769
PASS: wide-angle contour robustness diagnostic through 1.4 radians
PASS: direct Im(L) bootstrap is below 0.012 at log|s| = 12
PASS: 32*binom(n+2,2)=16(n+2)(n+1)
PASS: exact logarithmic-derivative cancellation
PASS: log Stirling correction series -x**2/6 + x**3/3 + O(x**4)
PASS: Phase 21 xi-coefficient assembly algebra
PASS: Phase 21 repaired note statements and display delimiters
PASS: Phase 21 complete direct-sector proof-surface checks
